metrics:
  enabled: false
traces:
  enabled: true
