sumologic:
  setup:
    monitors:
      enabled: "true"
      notificationEmails: ["test@test.lh", "email@locahost.lh"]
