---
# Source: sumologic/templates/instrumentation/otelcol-instrumentation/statefulset.yaml
apiVersion: apps/v1
kind: StatefulSet
metadata:
  name: RELEASE-NAME-sumologic-otelcol-instrumentation
  labels:
    app: RELEASE-NAME-sumologic-otelcol-instrumentation
    component: RELEASE-NAME-sumologic-otelcol-instrumentation-component
    chart: "sumologic-%CURRENT_CHART_VERSION%"
    release: "RELEASE-NAME"
    heritage: "Helm"
spec:
  selector:
    matchLabels:
      app: RELEASE-NAME-sumologic-otelcol-instrumentation
  serviceName: RELEASE-NAME-sumologic-otelcol-instrumentation
  podManagementPolicy: "Parallel"
  replicas: 3
  template:
    metadata:
      annotations:
        checksum/config: "%CONFIG_CHECKSUM%"
      labels:
        app: RELEASE-NAME-sumologic-otelcol-instrumentation
        chart: "sumologic-%CURRENT_CHART_VERSION%"
        release: "RELEASE-NAME"
        heritage: "Helm"
    spec:
      serviceAccountName: RELEASE-NAME-sumologic
      affinity:
        podAntiAffinity:
          preferredDuringSchedulingIgnoredDuringExecution:
            - weight: 100
              podAffinityTerm:
                labelSelector:
                  matchExpressions:
                    - key: app
                      operator: In
                      values:
                        - RELEASE-NAME-sumologic-otelcol-instrumentation
                    - key: app
                      operator: In
                      values:
                        - prometheus-operator-prometheus
                topologyKey: "kubernetes.io/hostname"
      volumes:
        - configMap:
            name: RELEASE-NAME-sumologic-otelcol-instrumentation
          name: otelcolinstrumentation-config-vol
      securityContext:
        fsGroup: 999
      containers:
        - name: otelcol
          image: my_repository:my_tag
          imagePullPolicy: IfNotPresent
          args:
            - "--config=/conf/otelcol.instrumentation.conf.yaml"
          resources:
            limits:
              cpu: 2000m
              memory: 4Gi
            requests:
              cpu: 500m
              memory: 768Mi
          ports:
            - name: pprof
              containerPort: 1777
              protocol: TCP
            - containerPort: 5778 # Default endpoint for Jaeger Sampling.
            - containerPort: 6831 # Default endpoint for Jaeger Thrift Compact receiver.
              protocol: UDP
            - containerPort: 6832 # Default endpoint for Jaeger Thrift Binary receiver.
              protocol: UDP
            - containerPort: 8888 # Default endpoint for querying metrics.
            - containerPort: 9411 # Default endpoint for Zipkin receiver.
            - containerPort: 14250 # Default endpoint for Jaeger gRPC receiver.
            - containerPort: 14267 # Default endpoint for Jaeger TChannel receiver.
            - containerPort: 14268 # Default endpoint for Jaeger HTTP receiver.
            - containerPort: 55678 # Default endpoint for Opencensus receiver.
            - containerPort: 4317 # Default endpoint for OTLP receiver.
            - containerPort: 4318 # Default endpoint for OTLP HTTP receiver.
            - containerPort: 55681 # Default endpoint for OTLP HTTP receiver. (deprecated)
          livenessProbe:
            httpGet:
              path: /
              port: 13133 # Health Check extension default port.
            failureThreshold: 3
            initialDelaySeconds: 15
            periodSeconds: 15
            timeoutSeconds: 10
          readinessProbe:
            httpGet:
              path: /
              port: 13133 # Health Check extension default port.
            failureThreshold: 3
            initialDelaySeconds: 5
            periodSeconds: 10
            timeoutSeconds: 3
          startupProbe:
            httpGet:
              path: /
              port: 13133 # Health Check extension default port.
            failureThreshold: 60
            periodSeconds: 3
          volumeMounts:
            - name: otelcolinstrumentation-config-vol
              mountPath: /conf
          env:
            - name: SUMO_ENDPOINT_DEFAULT_METRICS_SOURCE
              valueFrom:
                secretKeyRef:
                  name: sumologic
                  key: endpoint-metrics
