---
# Source: sumologic/templates/opentelemetry-operator/job-instrumentation-cr.yaml
apiVersion: batch/v1
kind: Job
metadata:
  name: RELEASE-NAME-sumologic-ot-operator-instr
  namespace: sumologic
  labels:
    app: RELEASE-NAME-sumologic-ot-operator-instr
    chart: "sumologic-%CURRENT_CHART_VERSION%"
    release: "RELEASE-NAME"
    heritage: "Helm"
  annotations:
    helm.sh/hook: "post-install, post-upgrade"
    helm.sh/hook-delete-policy: "before-hook-creation, hook-succeeded"
spec:
  template:
    spec:
      serviceAccountName: RELEASE-NAME-sumologic
      containers:
        - name: instrumentation-cr-applier
          image: public.ecr.aws/sumologic/kubernetes-tools-kubectl:2.22.0
          volumeMounts:
            - name: instrumentation-cr-configmap
              mountPath: /tmp/instrumentation-cr.yaml
              subPath: instrumentation.cr.yaml
          command: ["/usr/local/bin/bash", "-c"]
          args:
            - |
              max_wait=180
              sleep_interval=5
              counter=0
              while ! kubectl apply -f /tmp/instrumentation-cr.yaml
              do
                echo "Waiting for RELEASE-NAME-opentelemetry-operator"
                sleep $sleep_interval
                counter=$(($counter + $sleep_interval))

                if [[ "$counter" -gt "$max_wait" ]]
                then
                  echo "Couldn't reach RELEASE-NAME-opentelemetry-operator"
                  echo "Instrumentation resources not applied!"
                  exit 1
                fi
              done

              kubectl apply -f /tmp/instrumentation-cr.yaml || exit 1
              echo "Successfully applied Instrumentation resources"
              exit $?
      volumes:
        - name: instrumentation-cr-configmap
          configMap:
            name: RELEASE-NAME-sumologic-ot-operator-instr-cm
      restartPolicy: OnFailure
  backoffLimit: 5
