tracesSampler:
  config:
    merge:
    override:
    extensions:
      memory_ballast:
        size_mib: 1024
