tracesSampler:
  config:
    override:
      extensions:
        memory_ballast:
          size_mib: 512
