namespaceOverride: "sumologic"
sumologic:
  logs:
    collector:
      otelwindows:
        enabled: true
otelwindows:
  daemonset:
    nameservers:
      - 10.100.0.10
