otellogs:
  additionalDaemonSets:
    linux:
      nodeSelector:
        kubernetes.io/os: linux
      resources:
        requests:
          cpu: 2
        limits:
          cpu: 6
  daemonset:
    affinity:
      nodeAffinity:
        requiredDuringSchedulingIgnoredDuringExecution:
          nodeSelectorTerms:
            - matchExpressions:
                - key: kubernetes.io/os
                  operator: NotIn
                  values:
                    - linux
