---
# Source: sumologic/templates/logs/collector/otelcol/daemonset.yaml
apiVersion: apps/v1
kind: DaemonSet
metadata:
  name: RELEASE-NAME-sumologic-otelcol-logs-collector
  annotations:
    someDaemonsetAnnotation: someValue
  labels:
    app: RELEASE-NAME-sumologic-otelcol-logs-collector
    chart: "sumologic-%CURRENT_CHART_VERSION%"
    release: "RELEASE-NAME"
    heritage: "Helm"
    someDaemonsetLabel: someValue
spec:
  selector:
    matchLabels:
      app.kubernetes.io/name: RELEASE-NAME-sumologic-otelcol-logs-collector
  template:
    metadata:
      annotations:
        checksum/config: "%CONFIG_CHECKSUM%"
        someAnnotation: someValue
      labels:
        app.kubernetes.io/name: RELEASE-NAME-sumologic-otelcol-logs-collector
        app.kubernetes.io/app-name: RELEASE-NAME-sumologic-otelcol-logs-collector
        chart: "sumologic-%CURRENT_CHART_VERSION%"
        release: "RELEASE-NAME"
        heritage: "Helm"
        someLabel: someValue
    spec:
      nodeSelector:
        sumologic.com/kind: worker
      tolerations:
        - effect: NoSchedule
          key: worker
          operator: Equal
          value: worker
      securityContext:
        fsGroup: 0
        runAsGroup: 0
        runAsUser: 0
      priorityClassName: "prio"
      containers:
        - args:
            - --config=/etc/otelcol/config.yaml
          image: my_repository:my_tag
          imagePullPolicy: IfNotPresent
          name: otelcol
          livenessProbe:
            httpGet:
              path: /
              port: 13133 # Health Check extension default port.
          readinessProbe:
            httpGet:
              path: /
              port: 13133 # Health Check extension default port.
          resources:
            limits:
              cpu: 1000m
              memory: 1Gi
            requests:
              cpu: 100m
              memory: 32Mi
          volumeMounts:
            - mountPath: /etc/otelcol
              name: otelcol-config
            - mountPath: /var/log/pods
              name: varlogpods
              readOnly: true
            - mountPath: /var/lib/docker/containers
              name: varlibdockercontainers
              readOnly: true
            - mountPath: /var/lib/storage/otc
              name: file-storage
            - mountPath: /var/log/journal
              name: varlogjournal
              readOnly: true
            - mountPath: /certs
              name: es-certs
              readOnly: true
          env:
            - name: LOGS_METADATA_SVC
              valueFrom:
                configMapKeyRef:
                  name: sumologic-configmap
                  key: metadataLogs
            - name: NAMESPACE
              valueFrom:
                fieldRef:
                  fieldPath: metadata.namespace

            - name: VALUE_FROM_SECRET
              valueFrom:
                secretKeyRef:
                  key: secret_key
                  name: secret_name
          securityContext:
            capabilities:
              drop:
                - ALL
            privileged: true
          ports:
            - name: pprof
              containerPort: 1777
              protocol: TCP
            - name: metrics
              containerPort: 8888
              protocol: TCP
      initContainers: # ensure the host path is owned by the otel user group
        - name: changeowner
          image: public.ecr.aws/docker/library/busybox:1.36.0
          imagePullPolicy: IfNotPresent
          securityContext:
            capabilities:
              drop:
                - ALL
              add:
                - CAP_CHOWN
            privileged: true
          command:
            - "sh"
            - "-c"
            - |
              chown -R \
                0:0 \
                /var/lib/storage/otc
          volumeMounts:
            - mountPath: /var/lib/storage/otc
              name: file-storage
      volumes:
        - configMap:
            defaultMode: 420
            items:
              - key: config.yaml
                path: config.yaml
            name: RELEASE-NAME-sumologic-otelcol-logs-collector
          name: otelcol-config
        - hostPath:
            path: /var/log/pods
            type: ""
          name: varlogpods
        - hostPath:
            path: /var/lib/docker/containers
            type: ""
          name: varlibdockercontainers
        - hostPath:
            path: /var/lib/otc
            type: DirectoryOrCreate
          name: file-storage
        - hostPath:
            path: /var/log/journal/
            type: ""
          name: varlogjournal
        - name: es-certs
          secret:
            defaultMode: 420
            secretName: es-certs
      serviceAccountName: RELEASE-NAME-sumologic-otelcol-logs-collector
