sumologic:
  pullSecrets:
    - name: myRegistryKeySecretName
  logs:
    collector:
      otelwindows:
        enabled: true

otelwindows:
  daemonset:
    nameservers:
      - 10.100.0.10
