debug:
  sumologicMock:
    enabled: true
  logs:
    metadata:
      print: true
      forwardToSumologicMock: true
      stopLogsIngestion: true
sumologic:
  logs:
    sourceType: http
