sumologic:
  ipv6mode: true
  logs:
    collector:
      otelcol:
        enabled: true
