sumologic:
  logs:
    collector:
      otelcloudwatch:
        enabled: true
