debug:
  instrumentation:
    tracesGateway:
      print: true
