tracesGateway:
  deployment:
    image:
      repository: my_repository
      tag: my_tag
