sumologic:
  logs:
    collector:
      otelcol:
        enabled: true
debug:
  logs:
    collector:
      print: true
      stopLogsIngestion: true
    metadata:
      stopLogsIngestion: true
  metrics:
    collector:
      stopLogsIngestion: true
    metadata:
      stopLogsIngestion: true
  instrumentation:
    tracesSampler:
      stopLogsIngestion: true
