sumologic:
  metrics:
    enabled: true
    collector:
      otelcol:
        enabled: true
