sumologic:
  events:
    provider: fluentd
fluentd:
  apiServerUrl: "https://kubernetes.default.svc:443"
