---
# Source: sumologic/templates/metrics/otelcol/statefulset.yaml
apiVersion: apps/v1
kind: StatefulSet
metadata:
  name: release-name-sumologic-otelcol-metrics
  namespace: sumologic
  labels:
    app: release-name-sumologic-otelcol-metrics
    chart: "sumologic-4.12.0"
    release: "release-name"
    heritage: "Helm"
spec:
  selector:
    matchLabels:
      app: release-name-sumologic-otelcol-metrics
  serviceName: release-name-sumologic-otelcol-metrics-headless
  podManagementPolicy: "Parallel"
  persistentVolumeClaimRetentionPolicy:
    whenScaled: Retain
  template:
    metadata:
      annotations:
        checksum/config: caf2ec77d79d61ea6619b67597ff1b799b41b19f1cff5cc5837700990580265f
      labels:
        app: release-name-sumologic-otelcol-metrics
        chart: "sumologic-4.12.0"
        release: "release-name"
        heritage: "Helm"
    spec:
      serviceAccountName: release-name-sumologic
      nodeSelector:
        kubernetes.io/os: linux
      affinity:
        podAntiAffinity:
          preferredDuringSchedulingIgnoredDuringExecution:
            - weight: 100
              podAffinityTerm:
                labelSelector:
                  matchExpressions:
                    - key: app
                      operator: In
                      values:
                        - release-name-sumologic-otelcol-logs
                        - release-name-sumologic-otelcol-metrics
                        - release-name-sumologic-otelcol-events
                        - release-name-sumologic-otelcol-instrumentation
                    - key: app
                      operator: In
                      values:
                        - prometheus-operator-prometheus
                topologyKey: "kubernetes.io/hostname"
      volumes:
        - name: config-volume
          configMap:
            name: release-name-sumologic-otelcol-metrics
        - name: tmp
          emptyDir: {}
      securityContext:
        fsGroup: 999
      containers:
        - name: otelcol
          image: "public.ecr.aws/sumologic/sumologic-otel-collector:0.114.0-sumo-0"
          imagePullPolicy: IfNotPresent
          args:
            - --config=/etc/otel/config.yaml
          resources:
            limits:
              cpu: 1000m
              memory: 1Gi
            requests:
              cpu: 500m
              memory: 768Mi
          ports:
            - name: otlphttp
              containerPort: 4318
              protocol: TCP
            - name: prom-write
              containerPort: 9888
              protocol: TCP
            - name: metrics
              containerPort: 8888
              protocol: TCP
            - name: pprof
              containerPort: 1777
              protocol: TCP
          livenessProbe:
            httpGet:
              path: /
              port: 13133 # Health Check extension default port.
            failureThreshold: 3
            initialDelaySeconds: 15
            periodSeconds: 15
            timeoutSeconds: 10
          readinessProbe:
            httpGet:
              path: /
              port: 13133 # Health Check extension default port.
            failureThreshold: 3
            initialDelaySeconds: 5
            periodSeconds: 10
            timeoutSeconds: 3
          startupProbe:
            httpGet:
              path: /
              port: 13133 # Health Check extension default port.
            failureThreshold: 60
            periodSeconds: 3
          volumeMounts:
            - name: config-volume
              mountPath: /etc/otel/config.yaml
              subPath: config.yaml
            - name: tmp
              mountPath: /tmp
            - name: file-storage
              mountPath: /var/lib/storage/otc
          env:
            - name: SUMO_ENDPOINT_APISERVER_METRICS_SOURCE
              valueFrom:
                secretKeyRef:
                  name: sumologic
                  key: endpoint-metrics-apiserver
            - name: SUMO_ENDPOINT_CONTROL_PLANE_METRICS_SOURCE
              valueFrom:
                secretKeyRef:
                  name: sumologic
                  key: endpoint-control_plane_metrics_source
            - name: SUMO_ENDPOINT_CONTROLLER_METRICS_SOURCE
              valueFrom:
                secretKeyRef:
                  name: sumologic
                  key: endpoint-metrics-kube-controller-manager
            - name: SUMO_ENDPOINT_DEFAULT_METRICS_SOURCE
              valueFrom:
                secretKeyRef:
                  name: sumologic
                  key: endpoint-metrics
            - name: SUMO_ENDPOINT_DEFAULT_OTLP_METRICS_SOURCE
              valueFrom:
                secretKeyRef:
                  name: sumologic
                  key: endpoint-metrics-otlp
            - name: SUMO_ENDPOINT_KUBELET_METRICS_SOURCE
              valueFrom:
                secretKeyRef:
                  name: sumologic
                  key: endpoint-metrics-kubelet
            - name: SUMO_ENDPOINT_NODE_METRICS_SOURCE
              valueFrom:
                secretKeyRef:
                  name: sumologic
                  key: endpoint-metrics-node-exporter
            - name: SUMO_ENDPOINT_SCHEDULER_METRICS_SOURCE
              valueFrom:
                secretKeyRef:
                  name: sumologic
                  key: endpoint-metrics-kube-scheduler
            - name: SUMO_ENDPOINT_STATE_METRICS_SOURCE
              valueFrom:
                secretKeyRef:
                  name: sumologic
                  key: endpoint-metrics-kube-state

            - name: NO_PROXY
              value: kubernetes.default.svc
            - name: MY_POD_IP
              valueFrom:
                fieldRef:
                  apiVersion: v1
                  fieldPath: status.podIP
  volumeClaimTemplates:
    - metadata:
        name: file-storage
      spec:
        accessModes: [ReadWriteOnce]
        storageClassName:
        resources:
          requests:
            storage: 10Gi
