sumologic:
  events:
    provider: otelcol
  podAnnotations:
    sumoAnnotation: sumoValue
  podLabels:
    sumoLabel: sumoValue

otelevents:
  image:
    repository: my_repository
    tag: my_tag
  statefulset:
    ## Add custom labels only to logs sts pods
    podLabels:
      statefulsetLabel: statefulsetValue
    ## Add custom annotations only to logs sts pods
    podAnnotations:
      statefulsetAnnotation: statefulsetValue
