metadata:
  logs:
    autoscaling:
      enabled: false
